C:\Users\DELL\AppData\Local\npm-cache\_npx\1bf7c3c15bf47d04\node_modules\ts-node\src\index.ts:859
    return new TSError(diagnosticText, diagnosticCodes, diagnostics);
           ^
TSError: ⨯ Unable to compile TypeScript:
src/server.ts(72,28): error TS6133: 'req' is declared but its value is never read.
src/server.ts(83,10): error TS6133: 'req' is declared but its value is never read.
src/server.ts(88,22): error TS6133: 'req' is declared but its value is never read.
src/server.ts(88,51): error TS6133: 'next' is declared but its value is never read.

    at createTSError (C:\Users\DELL\AppData\Local\npm-cache\_npx\1bf7c3c15bf47d04\node_modules\ts-node\src\index.ts:859:12)
    at reportTSError (C:\Users\DELL\AppData\Local\npm-cache\_npx\1bf7c3c15bf47d04\node_modules\ts-node\src\index.ts:863:19)
    at getOutput (C:\Users\DELL\AppData\Local\npm-cache\_npx\1bf7c3c15bf47d04\node_modules\ts-node\src\index.ts:1077:36)
    at Object.compile (C:\Users\DELL\AppData\Local\npm-cache\_npx\1bf7c3c15bf47d04\node_modules\ts-node\src\index.ts:1433:41)
    at Module.m._compile (C:\Users\DELL\AppData\Local\npm-cache\_npx\1bf7c3c15bf47d04\node_modules\ts-node\src\index.ts:1617:30)
    at node:internal/modules/cjs/loader:1706:10
    at Object.require.extensions.<computed> [as .ts] (C:\Users\DELL\AppData\Local\npm-cache\_npx\1bf7c3c15bf47d04\node_modules\ts-node\src\index.ts:1621:12)
    at Module.load (node:internal/modules/cjs/loader:1289:32)
    at Function._load (node:internal/modules/cjs/loader:1108:12)
    at TracingChannel.traceSync (node:diagnostics_channel:322:14) {
  diagnosticCodes: [ 6133, 6133, 6133, 6133 ]
}
